[data] 缓存加载: 321,636 根M5 / 1,604,692 根M1
[wf v3bal_ens] fold 00 2024-08 窗2022-01~2024-07(31月) thr(L/S)=0.374/0.288(回退) 交易11笔 胜率36.4% 盈亏比2.12 PnL$4.0 AUC(L/S)=0.521/0.561 (87s)
[wf v3bal_ens] fold 01 2024-09 窗2022-01~2024-08(32月) thr(L/S)=0.347/0.335(回退) 交易8笔 胜率25.0% 盈亏比2.67 PnL$-1.3 AUC(L/S)=0.503/0.480 (64s)
[wf v3bal_ens] fold 02 2024-10 窗2022-01~2024-09(33月) thr(L/S)=0.297/0.289(回退) 交易14笔 胜率28.6% 盈亏比2.14 PnL$-3.2 AUC(L/S)=0.526/0.535 (57s)
[wf v3bal_ens] fold 03 2024-11 窗2022-01~2024-10(34月) thr(L/S)=0.301/0.361(回退) 交易10笔 胜率30.0% 盈亏比2.08 PnL$-2.1 AUC(L/S)=0.553/0.421 (85s)
[wf v3bal_ens] fold 04 2024-12 窗2022-01~2024-11(35月) thr(L/S)=0.096/0.314 交易25笔 胜率28.0% 盈亏比2.34 PnL$-3.5 AUC(L/S)=0.347/0.462 (130s)
[wf v3bal_ens] fold 05 2025-01 窗2022-01~2024-12(36月) thr(L/S)=0.270/0.313 交易26笔 胜率34.6% 盈亏比2.65 PnL$14.0 AUC(L/S)=0.554/0.577 (73s)
[wf v3bal_ens] fold 06 2025-02 窗2022-02~2025-01(36月) thr(L/S)=0.282/0.343(回退) 交易12笔 胜率16.7% 盈亏比2.37 PnL$-13.8 AUC(L/S)=0.418/0.549 (61s)
[wf v3bal_ens] fold 07 2025-03 窗2022-03~2025-02(36月) thr(L/S)=0.282/0.404(回退) 交易10笔 胜率40.0% 盈亏比2.49 PnL$9.4 AUC(L/S)=0.555/0.227 (72s)
[wf v3bal_ens] fold 08 2025-04 窗2022-04~2025-03(36月) thr(L/S)=0.369/0.339(回退) 交易12笔 胜率50.0% 盈亏比2.75 PnL$53.8 AUC(L/S)=0.647/0.546 (67s)
[wf v3bal_ens] fold 09 2025-05 窗2022-05~2025-04(36月) thr(L/S)=0.313/0.327(回退) 交易13笔 胜率46.2% 盈亏比2.27 PnL$29.4 AUC(L/S)=0.524/0.491 (64s)
[wf v3bal_ens] fold 10 2025-06 窗2022-06~2025-05(36月) thr(L/S)=0.283/0.303 交易20笔 胜率45.0% 盈亏比2.44 PnL$39.5 AUC(L/S)=0.578/0.521 (60s)
[wf v3bal_ens] fold 11 2025-07 窗2022-07~2025-06(36月) thr(L/S)=0.315/0.290 交易24笔 胜率37.5% 盈亏比2.42 PnL$17.3 AUC(L/S)=0.640/0.480 (67s)
[wf v3bal_ens] fold 12 2025-08 窗2022-08~2025-07(36月) thr(L/S)=0.307/0.278 交易24笔 胜率25.0% 盈亏比2.67 PnL$-5.1 AUC(L/S)=0.625/0.541 (77s)
[wf v3bal_ens] fold 13 2025-09 窗2022-09~2025-08(36月) thr(L/S)=0.315/0.289 交易24笔 胜率37.5% 盈亏比2.09 PnL$12.8 AUC(L/S)=0.443/0.584 (77s)
[wf v3bal_ens] fold 14 2025-10 窗2022-10~2025-09(36月) thr(L/S)=0.319/0.291 交易17笔 胜率11.8% 盈亏比2.80 PnL$-57.8 AUC(L/S)=0.482/0.565 (69s)
[wf v3bal_ens] fold 15 2025-11 窗2022-11~2025-10(36月) thr(L/S)=0.318/0.276 交易20笔 胜率25.0% 盈亏比2.31 PnL$-18.2 AUC(L/S)=0.385/0.564 (75s)
[wf v3bal_ens] fold 16 2025-12 窗2022-12~2025-11(36月) thr(L/S)=0.289/0.281 交易24笔 胜率33.3% 盈亏比2.47 PnL$18.6 AUC(L/S)=0.507/0.408 (72s)
[wf v3bal_ens] fold 17 2026-01 窗2023-01~2025-12(36月) thr(L/S)=0.371/0.290(回退) 交易7笔 胜率14.3% 盈亏比1.55 PnL$-43.7 AUC(L/S)=0.334/0.458 (63s)
[wf v3bal_ens] fold 18 2026-02 窗2023-02~2026-01(36月) thr(L/S)=0.323/0.293(回退) 交易6笔 胜率16.7% 盈亏比3.86 PnL$-16.2 AUC(L/S)=0.438/0.443 (67s)
[wf v3bal_ens] fold 19 2026-03 窗2023-03~2026-02(36月) thr(L/S)=0.339/0.297 交易17笔 胜率35.3% 盈亏比3.25 PnL$74.9 AUC(L/S)=0.413/0.621 (65s)
[wf v3bal_ens] fold 20 2026-04 窗2023-04~2026-03(36月) thr(L/S)=0.278/0.303 交易25笔 胜率16.0% 盈亏比2.18 PnL$-93.8 AUC(L/S)=0.514/0.465 (63s)
[wf v3bal_ens] fold 21 2026-05 窗2023-05~2026-04(36月) thr(L/S)=0.327/0.285 交易22笔 胜率40.9% 盈亏比2.32 PnL$51.2 AUC(L/S)=0.305/0.447 (68s)
[wf v3bal_ens] fold 22 2026-06 窗2023-06~2026-05(36月) thr(L/S)=0.324/0.304 交易23笔 胜率26.1% 盈亏比2.48 PnL$-13.8 AUC(L/S)=0.545/0.487 (65s)
[wf v3bal_ens] fold 23 2026-07 窗2023-07~2026-06(36月) thr(L/S)=0.316/0.293 交易12笔 胜率16.7% 盈亏比2.10 PnL$-33.5 AUC(L/S)=0.269/0.581 (71s)

===== v3bal_ens 走查汇总 (真实OOS, 24个月) =====
  label: ml_v3bal_ens
  trades: 406
  win_rate: 0.3054187192118227
  total_pnl: 18.62263404375075
  mean_pnl: 0.04586855675800677
  profit_factor: 1.0141851987315205
  max_dd: 170.85599838437435
  sharpe: 15.762043004331073
  plr: 2.30645343582491
  avg_win: 10.737452788978494
  avg_loss: -4.655395431877953
  基准[always_long]: 交易624 胜率0.30288461538461536 PnL$217.8
  基准[always_short]: 交易619 胜率0.27948303715670436 PnL$-126.9
  基准[random_coin]: 交易621 胜率0.26570048309178745 PnL$-167.9
  基准[random_matched]: 交易607 胜率0.30642504118616143 PnL$560.7

完成。
