[master] phase1: v3bal_ens 重跑
[master] phase1: v3bal_ens 重跑
[phase1] prep v3bal ...
[phase1] prep done, see logs/01_prep_v3bal.log
[phase1] wf v3bal_ens (24 folds) ...
[phase1] wf done, see logs/02_wf_v3bal_ens.log
[phase1] summary:
v3bal_ens 服务器重跑: 406笔 胜率0.305 PLR 2.31 PnL $18.6 Sharpe 15.76
本地历史基准:        1611笔 胜率0.316 PLR 2.57 PnL $1113.5 Sharpe 1.74
[master] phase2: m1sc_ad prep+tune
[master] phase2: m1sc_ad prep+tune
[phase2] prep m1sc_ad pack (s1-34特征 + 自适应障碍标签) ...
[phase2] prep done, see logs/03_prep_m1sc_ad.log
[phase2] tune (12配置x2内折, 首训练窗2022-01~2024-07, ~1h) ...
[restart] 14:35:36 phase2+3 串联 (run_m1 修复后)
[phase2] prep m1sc_ad pack (s1-34特征 + 自适应障碍标签) ...
[phase2] prep done, see logs/03_prep_m1sc_ad.log
[phase2] tune (12配置x2内折, 首训练窗2022-01~2024-07, ~1h) ...
[phase2] tune done -> results/tuned_params_m1.json
long lgb: {'learning_rate': 0.057179998514293354, 'num_leaves': 47, 'min_data_in_leaf': 1251, 'feature_fraction': 0.7217070994136656, 'bagging_fraction': 0.6908954887139107, 'bagging_freq': 1, 'lambda_l1': 2.772923935079174, 'lambda_l2': 0.6381725610417532}
long xgb: {'eta': 0.05811375094333997, 'max_leaves': 65, 'max_depth': 3, 'min_child_weight': 528.178512496201, 'subsample': 0.616645669544757, 'colsample_bytree': 0.7469954096222595, 'reg_alpha': 1.6493060616639266, 'reg_lambda': 1.445241888660469}
[phase3] launch m1sc_ad
  pid 19795
[phase3] launch m1sc_ad_ens
  pid 19796
[phase3] launch m1sc_ad_ens6
  pid 19797
[phase3] launch m1sc_ad_ens_hl180
  pid 19798
[phase3] all launched. 监控: tail -f /root/rivermind-fs/xauusd/logs/05_wf_*.log
等待全部完成...
[phase3] all done. 汇总:
变体                      笔数      胜率    PLR     PnL$  Sharpe
原始m1sc_ad历史基准:  6496笔 0.352 2.05 732.7 2.29 (原超参丢失, 本轮为重新调参)
