== Streaming RLS-Reservoir Engine v1 ==
data: 106895 M15 bars  2022-01-07 07:00:00 .. 2026-07-17 20:45:00  (load 2.5s)
-- run seed=42 lam=0.999 n_res=500
  [s42] t=20000/106895 K=3 |x|=0.519 ||W||=50.32
  [s42] t=40000/106895 K=4 |x|=0.465 ||W||=55.79
  [s42] t=60000/106895 K=4 |x|=0.282 ||W||=21.82
  [s42] t=80000/106895 K=4 |x|=0.524 ||W||=45.45
  [s42] t=100000/106895 K=4 |x|=0.342 ||W||=19.43
   PnL=-14012.9$ IC_skew=0.0197 IC_var=0.3426 Sharpe=-20.16
-- run seed=1337 lam=0.999 n_res=500
  [s1337] t=20000/106895 K=3 |x|=0.517 ||W||=48.44
  [s1337] t=40000/106895 K=4 |x|=0.456 ||W||=48.97
  [s1337] t=60000/106895 K=4 |x|=0.269 ||W||=22.19
  [s1337] t=80000/106895 K=4 |x|=0.519 ||W||=48.81
  [s1337] t=100000/106895 K=4 |x|=0.332 ||W||=20.83
   PnL=-14240.7$ IC_skew=0.02 IC_var=0.3441 Sharpe=-19.46
-- run seed=2026 lam=0.999 n_res=500
  [s2026] t=20000/106895 K=3 |x|=0.525 ||W||=55.01
  [s2026] t=40000/106895 K=4 |x|=0.474 ||W||=65.14
  [s2026] t=60000/106895 K=4 |x|=0.289 ||W||=26.41
  [s2026] t=80000/106895 K=4 |x|=0.502 ||W||=56.09
  [s2026] t=100000/106895 K=4 |x|=0.341 ||W||=22.46
   PnL=-13561.1$ IC_skew=0.0212 IC_var=0.3447 Sharpe=-19.03
-- run seed=42 lam=0.995 (windup probe)
  [lam0.995] t=20000/106895 K=3 |x|=0.519 ||W||=32.57
  [lam0.995] t=40000/106895 K=4 |x|=0.465 ||W||=47.96
  [lam0.995] t=60000/106895 K=4 |x|=0.282 ||W||=16.55
  [lam0.995] t=80000/106895 K=4 |x|=0.524 ||W||=32.24
  [lam0.995] t=100000/106895 K=4 |x|=0.342 ||W||=23.85
   PnL=-12876.1$ IC_skew=0.0145
-- run seed=42 lam=0.998 (windup probe)
  [lam0.998] t=20000/106895 K=3 |x|=0.519 ||W||=57.22
  [lam0.998] t=40000/106895 K=4 |x|=0.465 ||W||=81.50
  [lam0.998] t=60000/106895 K=4 |x|=0.282 ||W||=17.11
  [lam0.998] t=80000/106895 K=4 |x|=0.524 ||W||=61.00
  [lam0.998] t=100000/106895 K=4 |x|=0.342 ||W||=16.85
   PnL=-13552.2$ IC_skew=0.0153
-- run seed=42 n_res=1000 (scale probe)
  [n1000] t=20000/106895 K=3 |x|=0.545 ||W||=79.14
  [n1000] t=40000/106895 K=4 |x|=0.470 ||W||=85.59
  [n1000] t=60000/106895 K=4 |x|=0.280 ||W||=36.03
  [n1000] t=80000/106895 K=4 |x|=0.513 ||W||=80.31
  [n1000] t=100000/106895 K=4 |x|=0.323 ||W||=31.79
   PnL=-16615.1$ IC_skew=0.012 total_ms=2.518
-- control: shuffled labels
  [shuf] t=20000/106895 K=3 |x|=0.519 ||W||=50.72
  [shuf] t=40000/106895 K=4 |x|=0.465 ||W||=50.20
  [shuf] t=60000/106895 K=4 |x|=0.282 ||W||=20.30
  [shuf] t=80000/106895 K=4 |x|=0.524 ||W||=52.03
  [shuf] t=100000/106895 K=4 |x|=0.342 ||W||=17.79
   PnL=-15125.1$ IC_skew=0.0045
-- baseline: momentum
== DONE -> /root/rivermind-data/research-lab/reservoir_v1.json (281911 bytes) ==
